[INFO] Scanning for projects...
[INFO] 
[INFO] --------------------< com.techwave:payment-service >--------------------
[INFO] Building payment-service 0.0.1-SNAPSHOT
[INFO]   from pom.xml
[INFO] --------------------------------[ jar ]---------------------------------
[INFO] 
[INFO] --- jacoco:0.8.12:prepare-agent (prepare-agent) @ payment-service ---
[INFO] argLine set to -javaagent:C:\\Users\\chandrasekhar.done\\.m2\\repository\\org\\jacoco\\org.jacoco.agent\\0.8.12\\org.jacoco.agent-0.8.12-runtime.jar=destfile=C:\\AI-Development\\AI-Payment-service\\payment-service\\target\\jacoco.exec
[INFO] 
[INFO] --- resources:3.3.1:resources (default-resources) @ payment-service ---
[INFO] Copying 1 resource from src\main\resources to target\classes
[INFO] Copying 6 resources from src\main\resources to target\classes
[INFO] 
[INFO] --- compiler:3.11.0:compile (default-compile) @ payment-service ---
[INFO] Nothing to compile - all classes are up to date
[INFO] 
[INFO] --- resources:3.3.1:testResources (default-testResources) @ payment-service ---
[INFO] skip non existing resourceDirectory C:\AI-Development\AI-Payment-service\payment-service\src\test\resources
[INFO] 
[INFO] --- compiler:3.11.0:testCompile (default-testCompile) @ payment-service ---
[INFO] Changes detected - recompiling the module! :source
[INFO] Compiling 10 source files with javac [debug release 17] to target\test-classes
[INFO] -------------------------------------------------------------
[WARNING] COMPILATION WARNING : 
[INFO] -------------------------------------------------------------
[WARNING] The following options were not recognized by any processor: '[mapstruct.defaultComponentModel]'
[INFO] 1 warning
[INFO] -------------------------------------------------------------
[INFO] -------------------------------------------------------------
[ERROR] COMPILATION ERROR : 
[INFO] -------------------------------------------------------------
[ERROR] /C:/AI-Development/AI-Payment-service/payment-service/src/test/java/com/techwave/paymentservice/exception/GlobalExceptionHandlerTest.java:[13,42] package org.springframework.boot.test.mock does not exist
[ERROR] /C:/AI-Development/AI-Payment-service/payment-service/src/test/java/com/techwave/paymentservice/controller/CustomerAccountControllerTest.java:[14,42] package org.springframework.boot.test.mock does not exist
[ERROR] /C:/AI-Development/AI-Payment-service/payment-service/src/test/java/com/techwave/paymentservice/controller/CoreDataControllerTest.java:[15,42] package org.springframework.boot.test.mock does not exist
[ERROR] /C:/AI-Development/AI-Payment-service/payment-service/src/test/java/com/techwave/paymentservice/controller/BankAccountControllerTest.java:[16,42] package org.springframework.boot.test.mock does not exist
[ERROR] /C:/AI-Development/AI-Payment-service/payment-service/src/test/java/com/techwave/paymentservice/controller/PersonControllerTest.java:[15,42] package org.springframework.boot.test.mock does not exist
[ERROR] /C:/AI-Development/AI-Payment-service/payment-service/src/test/java/com/techwave/paymentservice/controller/CorporationControllerTest.java:[15,42] package org.springframework.boot.test.mock does not exist
[ERROR] /C:/AI-Development/AI-Payment-service/payment-service/src/test/java/com/techwave/paymentservice/exception/GlobalExceptionHandlerTest.java:[30,6] cannot find symbol
  symbol:   class MockBean
  location: class com.techwave.paymentservice.exception.GlobalExceptionHandlerTest
[ERROR] /C:/AI-Development/AI-Payment-service/payment-service/src/test/java/com/techwave/paymentservice/controller/CustomerAccountControllerTest.java:[34,6] cannot find symbol
  symbol:   class MockBean
  location: class com.techwave.paymentservice.controller.CustomerAccountControllerTest
[ERROR] /C:/AI-Development/AI-Payment-service/payment-service/src/test/java/com/techwave/paymentservice/controller/CoreDataControllerTest.java:[34,6] cannot find symbol
  symbol:   class MockBean
  location: class com.techwave.paymentservice.controller.CoreDataControllerTest
[ERROR] /C:/AI-Development/AI-Payment-service/payment-service/src/test/java/com/techwave/paymentservice/controller/BankAccountControllerTest.java:[38,6] cannot find symbol
  symbol:   class MockBean
  location: class com.techwave.paymentservice.controller.BankAccountControllerTest
[ERROR] /C:/AI-Development/AI-Payment-service/payment-service/src/test/java/com/techwave/paymentservice/controller/PersonControllerTest.java:[38,6] cannot find symbol
  symbol:   class MockBean
  location: class com.techwave.paymentservice.controller.PersonControllerTest
[ERROR] /C:/AI-Development/AI-Payment-service/payment-service/src/test/java/com/techwave/paymentservice/controller/CorporationControllerTest.java:[39,6] cannot find symbol
  symbol:   class MockBean
  location: class com.techwave.paymentservice.controller.CorporationControllerTest
[INFO] 12 errors 
[INFO] -------------------------------------------------------------
[INFO] ------------------------------------------------------------------------
[INFO] BUILD FAILURE
[INFO] ------------------------------------------------------------------------
[INFO] Total time:  7.335 s
[INFO] Finished at: 2026-04-10T13:00:09+05:30
[INFO] ------------------------------------------------------------------------
[ERROR] Failed to execute goal org.apache.maven.plugins:maven-compiler-plugin:3.11.0:testCompile (default-testCompile) on project payment-service: Compilation failure: Compilation failure: 
[ERROR] /C:/AI-Development/AI-Payment-service/payment-service/src/test/java/com/techwave/paymentservice/exception/GlobalExceptionHandlerTest.java:[13,42] package org.springframework.boot.test.mock does not exist
[ERROR] /C:/AI-Development/AI-Payment-service/payment-service/src/test/java/com/techwave/paymentservice/controller/CustomerAccountControllerTest.java:[14,42] package org.springframework.boot.test.mock does not exist
[ERROR] /C:/AI-Development/AI-Payment-service/payment-service/src/test/java/com/techwave/paymentservice/controller/CoreDataControllerTest.java:[15,42] package org.springframework.boot.test.mock does not exist
[ERROR] /C:/AI-Development/AI-Payment-service/payment-service/src/test/java/com/techwave/paymentservice/controller/BankAccountControllerTest.java:[16,42] package org.springframework.boot.test.mock does not exist
[ERROR] /C:/AI-Development/AI-Payment-service/payment-service/src/test/java/com/techwave/paymentservice/controller/PersonControllerTest.java:[15,42] package org.springframework.boot.test.mock does not exist
[ERROR] /C:/AI-Development/AI-Payment-service/payment-service/src/test/java/com/techwave/paymentservice/controller/CorporationControllerTest.java:[15,42] package org.springframework.boot.test.mock does not exist
[ERROR] /C:/AI-Development/AI-Payment-service/payment-service/src/test/java/com/techwave/paymentservice/exception/GlobalExceptionHandlerTest.java:[30,6] cannot find symbol
[ERROR]   symbol:   class MockBean
[ERROR]   location: class com.techwave.paymentservice.exception.GlobalExceptionHandlerTest
[ERROR] /C:/AI-Development/AI-Payment-service/payment-service/src/test/java/com/techwave/paymentservice/controller/CustomerAccountControllerTest.java:[34,6] cannot find symbol
[ERROR]   symbol:   class MockBean
[ERROR]   location: class com.techwave.paymentservice.controller.CustomerAccountControllerTest
[ERROR] /C:/AI-Development/AI-Payment-service/payment-service/src/test/java/com/techwave/paymentservice/controller/CoreDataControllerTest.java:[34,6] cannot find symbol
[ERROR]   symbol:   class MockBean
[ERROR]   location: class com.techwave.paymentservice.controller.CoreDataControllerTest
[ERROR] /C:/AI-Development/AI-Payment-service/payment-service/src/test/java/com/techwave/paymentservice/controller/BankAccountControllerTest.java:[38,6] cannot find symbol
[ERROR]   symbol:   class MockBean
[ERROR]   location: class com.techwave.paymentservice.controller.BankAccountControllerTest
[ERROR] /C:/AI-Development/AI-Payment-service/payment-service/src/test/java/com/techwave/paymentservice/controller/PersonControllerTest.java:[38,6] cannot find symbol
[ERROR]   symbol:   class MockBean
[ERROR]   location: class com.techwave.paymentservice.controller.PersonControllerTest
[ERROR] /C:/AI-Development/AI-Payment-service/payment-service/src/test/java/com/techwave/paymentservice/controller/CorporationControllerTest.java:[39,6] cannot find symbol
[ERROR]   symbol:   class MockBean
[ERROR]   location: class com.techwave.paymentservice.controller.CorporationControllerTest
[ERROR] -> [Help 1]
[ERROR] 
[ERROR] To see the full stack trace of the errors, re-run Maven with the -e switch.
[ERROR] Re-run Maven using the -X switch to enable full debug logging.
[ERROR] 
[ERROR] For more information about the errors and possible solutions, please read the following articles:
[ERROR] [Help 1] http://cwiki.apache.org/confluence/display/MAVEN/MojoFailureException
